To honour the JVM settings for this build a single-use Daemon process will be forked. For more on this, please refer to https://docs.gradle.org/9.3.1/userguide/gradle_daemon.html#sec:disabling_the_daemon in the Gradle documentation.
Daemon will be stopped at the end of the build 
> Task :app:clean
> Task :app:preBuild UP-TO-DATE
> Task :app:preReleaseBuild UP-TO-DATE
> Task :app:processReleaseNavigationResources
> Task :app:generateReleaseResValues
> Task :app:compileReleaseNavigationResources
> Task :app:mapReleaseSourceSetPaths
> Task :app:generateReleaseResources
> Task :app:createReleaseCompatibleScreenManifests
> Task :app:extractDeepLinksRelease
> Task :app:processReleaseMainManifest
> Task :app:mergeReleaseResources
> Task :app:processReleaseManifest
> Task :app:processApplicationManifestReleaseForBundle
> Task :app:checkReleaseAarMetadata
> Task :app:packageReleaseResources
> Task :app:parseReleaseLocalResources
> Task :app:extractReleaseVersionControlInfo
> Task :app:processReleaseManifestForPackage
> Task :app:checkReleaseDuplicateClasses
> Task :app:buildKotlinToolingMetadata
> Task :app:checkKotlinGradlePluginConfigurationErrors SKIPPED
> Task :app:desugarReleaseFileDependencies
> Task :app:mergeReleaseStartupProfile UP-TO-DATE
> Task :app:javaPreCompileRelease
> Task :app:mergeReleaseShaders
> Task :app:compileReleaseShaders NO-SOURCE
> Task :app:generateReleaseAssets UP-TO-DATE
> Task :app:mergeReleaseAssets
> Task :app:mergeReleaseJniLibFolders
> Task :app:writeReleaseAppMetadata
> Task :app:mergeReleaseNativeLibs
> Task :app:mergeReleaseArtProfile

> Task :app:stripReleaseDebugSymbols
Unable to strip the following libraries, packaging them as they are: libandroidx.graphics.path.so, libdatastore_shared_counter.so. Run with --info option to learn more.

> Task :app:processReleaseResources
> Task :app:collectReleaseDependencies
> Task :app:bundleReleaseResources
> Task :app:configureReleaseDependencies
> Task :app:extractReleaseNativeSymbolTables
> Task :app:extractProguardFiles
> Task :app:validateSigningRelease
> Task :app:parseReleaseIntegrityConfig
> Task :app:mergeReleaseNativeDebugMetadata NO-SOURCE
> Task :app:compressReleaseAssets
> Task :app:sdkReleaseDependencyData
> Task :app:writeReleaseSigningConfigVersions
> Task :app:optimizeReleaseResources
> Task :app:mergeExtDexRelease
> Task :app:kspReleaseKotlin

> Task :app:compileReleaseKotlin
w: file:///D:/vps-program-proyects/maderaPoltand/MaderaApp/app/src/main/java/com/mars/madereraapp/ui/theme/Theme.kt:48:20 'var statusBarColor: Int' is deprecated. Deprecated in Java.

> Task :app:compileReleaseJavaWithJavac
> Task :app:hiltAggregateDepsRelease
> Task :app:hiltJavaCompileRelease
> Task :app:processReleaseJavaRes
> Task :app:generateReleaseLintVitalReportModel
> Task :app:transformReleaseClassesWithAsm
> Task :app:mergeReleaseJavaResource
> Task :app:dexBuilderRelease
> Task :app:mergeReleaseGlobalSynthetics
> Task :app:mergeDexRelease
> Task :app:buildReleasePreBundle
> Task :app:compileReleaseArtProfile
> Task :app:lintVitalAnalyzeRelease
> Task :app:lintVitalReportRelease
> Task :app:lintVitalRelease
> Task :app:packageReleaseBundle
The message received from the daemon indicates that the daemon has disappeared.
Build request sent: Build{id=600cc943-0f2f-465e-afd7-49adac039641, currentDir=D:\vps-program-proyects\maderaPoltand\MaderaApp}
Attempting to read last messages from the daemon log...
Daemon pid: 13960
  log file: C:\Users\Rokko\.gradle\daemon\9.3.1\daemon-13960.out.log
----- Last 20 lines from daemon log file - daemon-13960.out.log -----
2026-05-19T22:58:18.451-0500 [INFO] [org.gradle.launcher.daemon.server.DaemonRegistryUpdater] Marking the daemon as busy, address: [244da72c-8bae-4b88-8f3b-a53862183959 port:57978, addresses:[localhost/127.0.0.1]]
2026-05-19T22:58:18.451-0500 [DEBUG] [org.gradle.launcher.daemon.registry.PersistentDaemonRegistry] Marking busy by address: [244da72c-8bae-4b88-8f3b-a53862183959 port:57978, addresses:[localhost/127.0.0.1]]
2026-05-19T22:58:18.453-0500 [DEBUG] [org.gradle.cache.internal.DefaultFileLockManager] Waiting to acquire exclusive lock on daemon addresses registry.
2026-05-19T22:58:18.454-0500 [DEBUG] [org.gradle.cache.internal.DefaultFileLockManager] Lock acquired on daemon addresses registry.
2026-05-19T22:58:18.456-0500 [DEBUG] [org.gradle.cache.internal.DefaultFileLockManager] Releasing lock on daemon addresses registry.
2026-05-19T22:58:18.457-0500 [DEBUG] [org.gradle.launcher.daemon.server.DaemonStateCoordinator] resetting idle timer
2026-05-19T22:58:18.457-0500 [DEBUG] [org.gradle.launcher.daemon.server.DaemonStateCoordinator] daemon is running. Sleeping until state changes.
2026-05-19T22:58:18.458-0500 [INFO] [org.gradle.launcher.daemon.server.exec.StartBuildOrRespondWithBusy] Daemon is about to start building Build{id=600cc943-0f2f-465e-afd7-49adac039641, currentDir=D:\vps-program-proyects\maderaPoltand\MaderaApp}. Dispatching build started information...
2026-05-19T22:58:18.458-0500 [DEBUG] [org.gradle.launcher.daemon.server.SynchronizedDispatchConnection] thread 34: dispatching org.gradle.launcher.daemon.protocol.BuildStarted@5e63f18a
2026-05-19T22:58:18.461-0500 [DEBUG] [org.gradle.launcher.daemon.server.exec.EstablishBuildEnvironment] Configuring env variables: [USERDOMAIN_ROAMINGPROFILE, NVM_SYMLINK, PROCESSOR_LEVEL, RegionCode, gcc, SESSIONNAME, ALLUSERSPROFILE, PROCESSOR_ARCHITECTURE, AMDRMSDKPATH, ANDROID_HOME, PSModulePath, VSCODE_PID, COPILOT_AGENT_SESSION_ID, SystemDrive, DIRNAME, EFC_11568_1592913036, USERNAME, ProgramFiles(x86), VSCODE_NLS_CONFIG, CHROME_CRASHPAD_PIPE_NAME, APP_HOME, COPILOT_OTEL_ENABLED, DEFAULT_JVM_OPTS, PATHEXT, DriverData, VSCODE_CRASH_REPORTER_PROCESS_TYPE, POSH_THEMES_PATH, platformcode, VSCODE_CODE_CACHE_PATH, POWERSHELL_UPDATECHECK, OTEL_INSTRUMENTATION_GENAI_CAPTURE_MESSAGE_CONTENT, ProgramData, ProgramW6432, HOMEPATH, PROCESSOR_IDENTIFIER, PUBLIC, ProgramFiles, windir, COPILOT_OTEL_EXPORTER_TYPE, LOCALAPPDATA, IntelliJ IDEA, VSCODE_L10N_BUNDLE_LOCATION, COPILOT_OTEL_FILE_EXPORTER_PATH, USERDOMAIN, VSCODE_HANDLES_UNCAUGHT_ERRORS, LOGONSERVER, EFC_11568_4126798990, JAVA_HOME, PROMPT, ERLANG_HOME, ELECTRON_RUN_AS_NODE, OneDrive, APPDATA, VBOX_HWVIRTEX_IGNORE_SVM_IN_USE, JAVA_EXE, VBOX_MSI_INSTALL_PATH, CommonProgramFiles, Path, APPLICATION_INSIGHTS_NO_STATSBEAT, VSCODE_CWD, OS, COMPUTERNAME, VSCODE_ESM_ENTRYPOINT, OnlineServices, NVM_HOME, PROCESSOR_REVISION, CommonProgramW6432, ComSpec, APP_BASE_NAME, =D:, SystemRoot, TEMP, HOMEDRIVE, USERPROFILE, TMP, CommonProgramFiles(x86), NUMBER_OF_PROCESSORS, COPILOT_CLI, VSCODE_IPC_HOOK]
2026-05-19T22:58:18.468-0500 [DEBUG] [org.gradle.launcher.daemon.server.exec.LogToClient] About to start relaying all logs to the client via the connection.
2026-05-19T22:58:18.469-0500 [INFO] [org.gradle.launcher.daemon.server.exec.LogToClient] The client will now receive all logging from the daemon (pid: 13960). The daemon log file: C:\Users\Rokko\.gradle\daemon\9.3.1\daemon-13960.out.log
2026-05-19T22:58:18.472-0500 [DEBUG] [org.gradle.launcher.daemon.server.exec.RequestStopIfSingleUsedDaemon] Requesting daemon stop after processing Build{id=600cc943-0f2f-465e-afd7-49adac039641, currentDir=D:\vps-program-proyects\maderaPoltand\MaderaApp}
2026-05-19T22:58:18.472-0500 [LIFECYCLE] [org.gradle.launcher.daemon.server.DaemonStateCoordinator] Daemon will be stopped at the end of the build 
2026-05-19T22:58:18.473-0500 [DEBUG] [org.gradle.launcher.daemon.server.DaemonStateCoordinator] Stop as soon as idle requested. The daemon is busy
2026-05-19T22:58:18.473-0500 [DEBUG] [org.gradle.launcher.daemon.server.DaemonStateCoordinator] daemon stop has been requested. Sleeping until state changes.
2026-05-19T22:58:18.477-0500 [DEBUG] [org.gradle.launcher.daemon.server.exec.ExecuteBuild] The daemon has started executing the build.
2026-05-19T22:58:18.478-0500 [DEBUG] [org.gradle.launcher.daemon.server.exec.ExecuteBuild] Executing build with daemon context: DefaultDaemonContext[uid=6c1c08ac-b621-4b7f-bd53-559c5076335f,javaHome=C:\Users\Rokko\.jdks\temurin-21,javaVersion=21,javaVendor=Eclipse Adoptium,daemonRegistryDir=C:\Users\Rokko\.gradle\daemon,pid=13960,idleTimeout=120000,priority=NORMAL,applyInstrumentationAgent=true,nativeServicesMode=ENABLED,daemonOpts=-Xmx2048m,-Dfile.encoding=UTF-8,-Duser.country=PE,-Duser.language=es,-Duser.variant]
Unable to strip the following libraries, packaging them as they are: libandroidx.graphics.path.so, libdatastore_shared_counter.so. Run with --info option to learn more.
w: file:///D:/vps-program-proyects/maderaPoltand/MaderaApp/app/src/main/java/com/mars/madereraapp/ui/theme/Theme.kt:48:20 'var statusBarColor: Int' is deprecated. Deprecated in Java.----- End of the daemon log -----

JVM crash log found: file:///D:/vps-program-proyects/maderaPoltand/MaderaApp/hs_err_pid13960.log

FAILURE: Build failed with an exception.

* What went wrong:
Gradle build daemon disappeared unexpectedly (it may have been killed or may have crashed)

* Try:
> Run with --stacktrace option to get the stack trace.
> Run with --info or --debug option to get more log output.
> Run with --scan to get full insights from a Build Scan (powered by Develocity).
> Get more help at https://help.gradle.org.
> Task :app:packageRelease
> Task :app:signReleaseBundle
